$ ====================
$ a
d
$ ====================
$ a
b
$ ====================
$ a
d
$ ====================
$ a
d
$ ====================
$ a
e
f
b
ls: invalid option -- 'j'
Try 'ls --help' for more information.
$ 