$ ====================
$ a
d
$ ====================
$ a
b
$ ====================
$ a
d
$ ====================
$ a
d
$ ====================
$ ls: invalid option -- 'j'
Try 'ls --help' for more information.
a
e
f
b
$ 